// Jest Snapshot v1, https://goo.gl/fbAQLP

exports[`fields/IntegerField inputRender should render correct input field 1`] = `<input type="number" value="17">`;

exports[`fields/IntegerField inputRender should render correct input field 2`] = `<input type="number" value="19">`;
