// Jest Snapshot v1, https://goo.gl/fbAQLP

exports[`components/BaseInputFieldRender should render correctly 1`] = `<input type="text" value="Name 1">`;
