// Jest Snapshot v1, https://goo.gl/fbAQLP

exports[`components/BaseDisplayFieldRender should render correctly 1`] = `<span>Name 1</span>`;
